// Jest Snapshot v1, https://goo.gl/fbAQLP

exports[`Given useApi Hook When rendered Then it should always match this snapshot 1`] = `<useAPI />`;
